Copyright 1986-2022 Xilinx, Inc. All Rights Reserved.
---------------------------------------------------------------------------------------
| Tool Version : Vivado v.2022.2 (win64) Build 3671981 Fri Oct 14 05:00:03 MDT 2022
| Date         : Sat Jan 28 21:50:41 2023
| Host         : AiSiJi running 64-bit major release  (build 9200)
| Command      : report_control_sets -verbose -file vlg_design_control_sets_placed.rpt
| Design       : vlg_design
| Device       : xc7a35t
---------------------------------------------------------------------------------------

Control Set Information

Table of Contents
-----------------
1. Summary
2. Histogram
3. Flip-Flop Distribution
4. Detailed Control Set Information

1. Summary
----------

+----------------------------------------------------------+-------+
|                          Status                          | Count |
+----------------------------------------------------------+-------+
| Total control sets                                       |    27 |
|    Minimum number of control sets                        |    27 |
|    Addition due to synthesis replication                 |     0 |
|    Addition due to physical synthesis replication        |     0 |
| Unused register locations in slices containing registers |    89 |
+----------------------------------------------------------+-------+
* Control sets can be merged at opt_design using control_set_merge or merge_equivalent_drivers
** Run report_qor_suggestions for automated merging and remapping suggestions


2. Histogram
------------

+--------------------+-------+
|       Fanout       | Count |
+--------------------+-------+
| Total control sets |    27 |
| >= 0 to < 4        |     9 |
| >= 4 to < 6        |     2 |
| >= 6 to < 8        |     0 |
| >= 8 to < 10       |    12 |
| >= 10 to < 12      |     1 |
| >= 12 to < 14      |     0 |
| >= 14 to < 16      |     0 |
| >= 16              |     3 |
+--------------------+-------+
* Control sets can be remapped at either synth_design or opt_design


3. Flip-Flop Distribution
-------------------------

+--------------+-----------------------+------------------------+-----------------+--------------+
| Clock Enable | Synchronous Set/Reset | Asynchronous Set/Reset | Total Registers | Total Slices |
+--------------+-----------------------+------------------------+-----------------+--------------+
| No           | No                    | No                     |              13 |            6 |
| No           | No                    | Yes                    |               0 |            0 |
| No           | Yes                   | No                     |              58 |           16 |
| Yes          | No                    | No                     |              88 |           28 |
| Yes          | No                    | Yes                    |               0 |            0 |
| Yes          | Yes                   | No                     |              32 |           14 |
+--------------+-----------------------+------------------------+-----------------+--------------+


4. Detailed Control Set Information
-----------------------------------

+----------------------------+----------------------------------+--------------------------------+------------------+----------------+--------------+
|        Clock Signal        |           Enable Signal          |        Set/Reset Signal        | Slice Load Count | Bel Load Count | Bels / Slice |
+----------------------------+----------------------------------+--------------------------------+------------------+----------------+--------------+
|  i_clk_IBUF_BUFG           | uut_m_s2p/r_rx_data[4]_i_1_n_0   | uut_m_s2p/i_rst_n              |                1 |              1 |         1.00 |
|  i_clk_IBUF_BUFG           | uut_m_s2p/r_rx_data[6]_i_1_n_0   | uut_m_s2p/i_rst_n              |                1 |              1 |         1.00 |
|  i_clk_IBUF_BUFG           | uut_m_s2p/r_rx_data[1]_i_1_n_0   | uut_m_s2p/i_rst_n              |                1 |              1 |         1.00 |
|  i_clk_IBUF_BUFG           | uut_m_s2p/r_rx_data[7]_i_1_n_0   | uut_m_s2p/i_rst_n              |                1 |              1 |         1.00 |
|  i_clk_IBUF_BUFG           | uut_m_s2p/r_rx_data[0]_i_1_n_0   | uut_m_s2p/i_rst_n              |                1 |              1 |         1.00 |
|  i_clk_IBUF_BUFG           | uut_m_s2p/r_rx_data[3]_i_1_n_0   | uut_m_s2p/i_rst_n              |                1 |              1 |         1.00 |
|  i_clk_IBUF_BUFG           | uut_m_s2p/r_rx_data[2]_i_1_n_0   | uut_m_s2p/i_rst_n              |                1 |              1 |         1.00 |
|  i_clk_IBUF_BUFG           | uut_m_s2p/r_rx_data[5]_i_1_n_0   | uut_m_s2p/i_rst_n              |                1 |              1 |         1.00 |
|  i_clk_IBUF_BUFG           |                                  |                                |                3 |              3 |         1.00 |
|  i_clk_IBUF_BUFG           | uut_m_bps/w_bps_done             | uut_m_s2p/r_bit_cnt[3]_i_1_n_0 |                1 |              4 |         4.00 |
|  i_clk_IBUF_BUFG           | uut_m_s2p/w_rx_en                | uut_m_decoder/r_bytecnt        |                1 |              4 |         4.00 |
|  i_clk_IBUF_BUFG           | uut_m_decoder/o_beep_high[31]    |                                |                2 |              8 |         4.00 |
|  i_clk_IBUF_BUFG           | uut_m_decoder/o_beep_high[7]     |                                |                2 |              8 |         4.00 |
|  i_clk_IBUF_BUFG           | uut_m_decoder/o_beep_high[23]    |                                |                2 |              8 |         4.00 |
|  i_clk_IBUF_BUFG           | uut_m_decoder/o_beep_high[15]    |                                |                2 |              8 |         4.00 |
|  i_clk_IBUF_BUFG           | uut_m_decoder/o_beep_periord[30] |                                |                3 |              8 |         2.67 |
|  i_clk_IBUF_BUFG           | uut_m_decoder/o_beep_periord[7]  |                                |                3 |              8 |         2.67 |
|  i_clk_IBUF_BUFG           | uut_m_decoder/o_beep_num[8]      |                                |                3 |              8 |         2.67 |
|  i_clk_IBUF_BUFG           | uut_m_decoder/o_beep_periord[15] |                                |                2 |              8 |         4.00 |
|  i_clk_IBUF_BUFG           | uut_m_decoder/o_beep_num[1]      |                                |                4 |              8 |         2.00 |
|  i_clk_IBUF_BUFG           | uut_m_decoder/o_beep_periord[23] |                                |                3 |              8 |         2.67 |
|  i_clk_IBUF_BUFG           | uut_m_s2p/o_bps_en0              |                                |                2 |              8 |         4.00 |
|  i_clk_IBUF_BUFG           |                                  | uut_m_bps/r_bps_cnt[8]_i_1_n_0 |                2 |              9 |         4.50 |
|  uut_m_decoder/r_nstate__0 |                                  |                                |                3 |             10 |         3.33 |
|  i_clk_IBUF_BUFG           | uut_m_beep/w_end_en01_out        | uut_m_beep/r_tcnt[0]_i_1_n_0   |                4 |             16 |         4.00 |
|  i_clk_IBUF_BUFG           |                                  | uut_m_s2p/i_rst_n              |                6 |             17 |         2.83 |
|  i_clk_IBUF_BUFG           |                                  | uut_m_beep/r_pcnt[0]_i_1_n_0   |                8 |             32 |         4.00 |
+----------------------------+----------------------------------+--------------------------------+------------------+----------------+--------------+


